Fri 14 Jan 2022 05:08:38 AM UTC
Sat 15 Jan 2022 05:15:24 AM UTC
Sun 16 Jan 2022 05:07:37 AM UTC
Tue 18 Jan 2022 05:09:38 AM UTC
Thu 20 Jan 2022 05:07:46 AM UTC
Fri 21 Jan 2022 05:16:02 AM UTC
Sat 22 Jan 2022 05:08:43 AM UTC
Sun 23 Jan 2022 05:06:01 AM UTC
Mon 24 Jan 2022 05:14:34 AM UTC
Tue 25 Jan 2022 05:08:24 AM UTC
Thu 27 Jan 2022 05:06:03 AM UTC
Sat 29 Jan 2022 05:14:40 AM UTC
Sun 30 Jan 2022 05:10:51 AM UTC
Mon 31 Jan 2022 05:15:16 AM UTC
Tue 01 Feb 2022 05:09:16 AM UTC
Wed 02 Feb 2022 05:14:54 AM UTC
Thu 03 Feb 2022 05:09:45 AM UTC
Fri 04 Feb 2022 05:15:22 AM UTC
Sat 05 Feb 2022 05:09:22 AM UTC
Sun 06 Feb 2022 05:19:06 AM UTC
Mon 07 Feb 2022 05:09:57 AM UTC
Tue 08 Feb 2022 05:15:43 AM UTC
Wed 09 Feb 2022 05:19:40 AM UTC
Thu 10 Feb 2022 05:12:13 AM UTC
Fri 11 Feb 2022 05:19:00 AM UTC
Sat 12 Feb 2022 05:12:12 AM UTC
Sun 13 Feb 2022 05:20:23 AM UTC
Mon 14 Feb 2022 05:09:41 AM UTC
Tue 15 Feb 2022 05:17:58 AM UTC
Wed 16 Feb 2022 05:10:32 AM UTC
Thu 17 Feb 2022 05:16:06 AM UTC
Fri 18 Feb 2022 05:10:43 AM UTC
Sat 19 Feb 2022 05:17:54 AM UTC
Sun 20 Feb 2022 05:12:32 AM UTC
Mon 21 Feb 2022 05:16:31 AM UTC
Tue 22 Feb 2022 05:10:33 AM UTC
Wed 23 Feb 2022 05:16:23 AM UTC
Thu 24 Feb 2022 05:10:35 AM UTC
Fri 25 Feb 2022 05:17:37 AM UTC
